[wp.jmsthemes.com/erado/home-5/indexa4c3.html]
[backblue.gif]
[fade.gif]
[index.html]
[ajax.googleapis.com/ajax/libs/webfont/1.5.3/webfont.js]
[wp.jmsthemes.com/erado/wp-content/cache/minify/6b6aa.css]
[wp.jmsthemes.com/erado/wp-content/cache/minify/a216d.css]
[wp.jmsthemes.com/erado/wp-content/cache/minify/5d65b.css]
[wp.jmsthemes.com/erado/wp-content/cache/minify/0b203.css]
[wp.jmsthemes.com/erado/wp-content/cache/minify/395bc.css]
[wp.jmsthemes.com/erado/wp-content/cache/minify/edb87.css]
[wp.jmsthemes.com/erado/wp-content/cache/minify/360f4.js]
[stats.wp.com/wfae4.js]
[wp.jmsthemes.com/erado/wp-content/cache/minify/cd2eb.js]
[wp.jmsthemes.com/erado/wp-content/themes/erado/assets/images/logo.png]
[wp.jmsthemes.com/erado/home-5/index.html]
[wp.jmsthemes.com/erado/wp-content/uploads/2018/05/slider5-1.jpg]
[wp.jmsthemes.com/erado/wp-content/uploads/2018/05/slider5-2.jpg]
[wp.jmsthemes.com/erado/wp-content/uploads/2018/05/9.png]
[wp.jmsthemes.com/erado/wp-content/uploads/2018/05/8.png]
[wp.jmsthemes.com/erado/wp-content/uploads/2018/05/11.png]
[wp.jmsthemes.com/erado/wp-content/uploads/2018/05/10.png]
[wp.jmsthemes.com/erado/wp-content/uploads/2018/04/4.1-300x360.jpg]
[wp.jmsthemes.com/erado/wp-content/uploads/2018/04/4.2-300x360.jpg]
[wp.jmsthemes.com/erado/wp-content/uploads/2018/03/orange.jpg]
[wp.jmsthemes.com/erado/wp-content/uploads/2018/03/litle_red.jpg]
[wp.jmsthemes.com/erado/wp-content/uploads/2018/03/teal-1.jpg]
[wp.jmsthemes.com/erado/wp-content/uploads/2018/03/yellow.jpg]
[wp.jmsthemes.com/erado/wp-content/uploads/2018/04/5-300x360.jpg]
[wp.jmsthemes.com/erado/wp-content/uploads/2018/04/9-300x360.jpg]
[wp.jmsthemes.com/erado/home-5/indexd3ef.html]
[wp.jmsthemes.com/erado/wp-content/uploads/2018/04/7.1-300x360.jpg]
[wp.jmsthemes.com/erado/wp-content/uploads/2018/04/7.2-300x360.jpg]
[wp.jmsthemes.com/erado/wp-content/uploads/2018/03/red.jpg]
[wp.jmsthemes.com/erado/home-5/index52ef.html]
[wp.jmsthemes.com/erado/home-5/indexe231.html]
[wp.jmsthemes.com/erado/wp-content/uploads/2018/03/violet.jpg]
[wp.jmsthemes.com/erado/wp-content/uploads/2018/04/11-300x360.jpg]
[wp.jmsthemes.com/erado/home-5/index7c2e.html]
[wp.jmsthemes.com/erado/wp-content/uploads/2018/04/10-300x360.jpg]
[wp.jmsthemes.com/erado/wp-content/uploads/2018/04/14-300x360.jpg]
[wp.jmsthemes.com/erado/wp-content/uploads/2018/04/15-300x360.jpg]
[wp.jmsthemes.com/erado/wp-content/uploads/2018/04/22-300x360.jpg]
[wp.jmsthemes.com/erado/home-5/index66be.html]
[wp.jmsthemes.com/erado/home-5/index1b58.html]
[wp.jmsthemes.com/erado/wp-content/uploads/2018/04/20-300x360.jpg]
[wp.jmsthemes.com/erado/wp-content/uploads/2018/04/24.1-300x360.jpg]
[wp.jmsthemes.com/erado/wp-content/uploads/2018/04/24.5-300x360.jpg]
[wp.jmsthemes.com/erado/wp-content/uploads/2018/04/banner5-1.jpg]
[wp.jmsthemes.com/erado/home-5/indexb8de.html]
[wp.jmsthemes.com/erado/home-5/indexb994.html]
[wp.jmsthemes.com/erado/home-5/index2f2f.html]
[wp.jmsthemes.com/erado/wp-content/uploads/2018/04/banner5-2.jpg]
[wp.jmsthemes.com/erado/home-5/index1ab9.html]
[wp.jmsthemes.com/erado/wp-content/uploads/2018/04/blog-image-1-550x315.jpg]
[wp.jmsthemes.com/erado/wp-content/uploads/2018/04/blog-image-4-550x315.jpg]
[wp.jmsthemes.com/erado/wp-content/uploads/2018/04/blog-image-2-550x315.jpg]
[wp.jmsthemes.com/erado/wp-content/uploads/2018/04/blog-image-5-550x315.jpg]
[wp.jmsthemes.com/erado/wp-content/uploads/2018/03/brand6.jpg]
[wp.jmsthemes.com/erado/wp-content/uploads/2018/03/brand5.jpg]
[wp.jmsthemes.com/erado/wp-content/uploads/2018/03/brand4.jpg]
[wp.jmsthemes.com/erado/wp-content/uploads/2018/03/brand3.jpg]
[wp.jmsthemes.com/erado/wp-content/uploads/2018/03/brand2.jpg]
[wp.jmsthemes.com/erado/wp-content/uploads/2018/03/brand1.jpg]
[wp.jmsthemes.com/erado/wp-content/uploads/2018/04/testimonial1-80x80.jpg]
[wp.jmsthemes.com/erado/wp-content/uploads/2018/04/testimonial2-80x80.jpg]
[wp.jmsthemes.com/erado/wp-content/uploads/2018/04/testimonial3-80x80.jpg]
[wp.jmsthemes.com/erado/wp-content/cache/minify/8c16a.js]
[wp.jmsthemes.com/erado/wp-content/cache/minify/12c68.js]
[wp.jmsthemes.com/erado/wp-content/cache/minify/b98ba.js]
[wp.jmsthemes.com/erado/wp-content/cache/minify/27966.js]
[wp.jmsthemes.com/erado/wp-content/cache/minify/d4058.js]
[wp.jmsthemes.com/erado/wp-content/cache/minify/399b7.js]
[wp.jmsthemes.com/erado/wp-content/cache/minify/8f850.js]
[wp.jmsthemes.com/erado/wp-content/cache/minify/a64dc.js]
[wp.jmsthemes.com/erado/wp-content/cache/minify/4f4b9.js]
[wp.jmsthemes.com/erado/wp-content/cache/minify/7f905.js]
[wp.jmsthemes.com/erado/wp-content/cache/minify/78467.js]
[wp.jmsthemes.com/erado/wp-content/cache/minify/214b6.js]
[wp.jmsthemes.com/erado/wp-content/cache/minify/c3dfd.js]
[wp.jmsthemes.com/erado/home-5/indexa4c3.html]
[wp.jmsthemes.com/erado/wp-content/cache/minify/6b6aa.css]
[wp.jmsthemes.com/erado/wp-content/plugins/yith-woocommerce-wishlist/assets/images/jquery.selectBox-arrow.gif]
[wp.jmsthemes.com/erado/wp-content/plugins/yith-woocommerce-wishlist/assets/images/jquery.selectBox-arrow.png]
[wp.jmsthemes.com/erado/wp-content/cache/minify/a216d.css]
[wp.jmsthemes.com/erado/wp-content/plugins/revslider/public/assets/assets/gridtile.png]
[wp.jmsthemes.com/erado/wp-content/plugins/revslider/public/assets/assets/gridtile_white.png]
[wp.jmsthemes.com/erado/wp-content/plugins/revslider/public/assets/assets/gridtile_3x3.png]
[wp.jmsthemes.com/erado/wp-content/plugins/revslider/public/assets/assets/gridtile_3x3_white.png]
[wp.jmsthemes.com/erado/wp-content/plugins/revslider/public/assets/assets/coloredbg.png]
[wp.jmsthemes.com/erado/wp-content/plugins/revslider/public/assets/assets/loader.gif]
[wp.jmsthemes.com/erado/wp-content/cache/minify/5d65b.css]
[wp.jmsthemes.com/erado/wp-content/plugins/yith-woocommerce-compare/assets/images/colorbox/controls.png]
[wp.jmsthemes.com/erado/wp-content/plugins/yith-woocommerce-compare/assets/images/colorbox/border.png]
[wp.jmsthemes.com/erado/wp-content/plugins/yith-woocommerce-compare/assets/images/colorbox/loading_background.png]
[wp.jmsthemes.com/erado/wp-content/plugins/yith-woocommerce-compare/assets/images/colorbox/loading.gif]
[wp.jmsthemes.com/erado/wp-content/plugins/yith-woocommerce-popup/assets/images/close-buttons/close1.png]
[wp.jmsthemes.com/erado/wp-content/plugins/yith-woocommerce-popup/assets/images/checkbox-button.png]
[wp.jmsthemes.com/erado/wp-content/cache/minify/0b203.css]
[wp.jmsthemes.com/erado/wp-content/themes/erado/assets/3rd-party/owl-carousel/owl.video.play.png]
[wp.jmsthemes.com/erado/wp-content/themes/erado/assets/3rd-party/slick/ajax-loader.gif]
[wp.jmsthemes.com/erado/wp-content/themes/erado/assets/images/icons/next-back.png]
[wp.jmsthemes.com/erado/wp-content/themes/erado/assets/images/icons/next-back-big.png]
[wp.jmsthemes.com/erado/wp-content/themes/erado/assets/images/icons/close.png]
[wp.jmsthemes.com/erado/wp-content/themes/erado/assets/images/icons/wishlist.png]
[wp.jmsthemes.com/erado/wp-content/themes/erado/assets/images/icons/icon-down-currency.png]
[wp.jmsthemes.com/erado/wp-content/themes/erado/assets/images/icons/shopbag.png]
[wp.jmsthemes.com/erado/wp-content/themes/erado/assets/images/icons/menu-action.png]
[wp.jmsthemes.com/erado/wp-content/themes/erado/assets/images/icons/icon-search.png]
[wp.jmsthemes.com/erado/wp-content/themes/erado/assets/images/icons/menu.png]
[wp.jmsthemes.com/erado/wp-content/themes/erado/assets/images/icons/hotline.png]
[wp.jmsthemes.com/erado/wp-content/themes/erado/assets/images/icons/icon-close.png]
[wp.jmsthemes.com/erado/wp-content/themes/erado/assets/images/maintenance-bg.jpg]
[wp.jmsthemes.com/erado/wp-content/themes/erado/assets/images/icons/icon-down.png]
[wp.jmsthemes.com/erado/wp-content/themes/erado/assets/images/icons/icon-down-shop-action.png]
[wp.jmsthemes.com/erado/wp-content/themes/erado/assets/images/icons/list.png]
[wp.jmsthemes.com/erado/wp-content/themes/erado/assets/images/icons/grid.png]
[wp.jmsthemes.com/erado/wp-content/themes/erado/assets/images/icons/quickview.png]
[wp.jmsthemes.com/erado/wp-content/themes/erado/assets/images/icons/plus.png]
[wp.jmsthemes.com/erado/wp-content/themes/erado/assets/images/icons/minus.png]
[wp.jmsthemes.com/erado/wp-content/themes/erado/assets/images/bg-newletter.jpg]
[wp.jmsthemes.com/erado/wp-content/themes/erado/assets/images/icons/loader.gif]
[wp.jmsthemes.com/erado/wp-content/cache/minify/395bc.css]
[wp.jmsthemes.com/erado/wp-content/plugins/kingcomposer/assets/frontend/images/loader.png]
[wp.jmsthemes.com/erado/wp-content/plugins/kingcomposer/assets/frontend/images/loading.gif]
[wp.jmsthemes.com/erado/wp-content/plugins/kingcomposer/assets/frontend/images/fb_loading.gif]
[wp.jmsthemes.com/erado/wp-content/plugins/kingcomposer/assets/frontend/images/icon-remove.png]
[wp.jmsthemes.com/erado/wp-content/cache/minify/edb87.css]
[wp.jmsthemes.com/erado/wp-content/cache/minify/360f4.js]
[wp.jmsthemes.com/erado/wp-content/cache/minify/cd2eb.js]
[wp.jmsthemes.com/erado/wp-content/cache/minify/75d66.js]
[wp.jmsthemes.com/erado/home-5/index.html]
[wp.jmsthemes.com/erado/home-5/index8382.html]
[wp.jmsthemes.com/erado/home-5/indexbafb.html]
[wp.jmsthemes.com/erado/home-5/index6100.html]
[wp.jmsthemes.com/erado/home-5/indexd3ef.html]
[wp.jmsthemes.com/erado/home-5/indexdc8d.html]
[wp.jmsthemes.com/erado/home-5/indexc472.html]
[wp.jmsthemes.com/erado/home-5/indexe231.html]
[wp.jmsthemes.com/erado/home-5/index52ef.html]
[wp.jmsthemes.com/erado/home-5/index48fd.html]
[wp.jmsthemes.com/erado/home-5/index7c2e.html]
[wp.jmsthemes.com/erado/home-5/indexae1a.html]
[wp.jmsthemes.com/erado/home-5/index5471.html]
[wp.jmsthemes.com/erado/home-5/index66be.html]
[wp.jmsthemes.com/erado/home-5/index26a6.html]
[wp.jmsthemes.com/erado/home-5/indexc033.html]
[wp.jmsthemes.com/erado/home-5/index1b58.html]
[wp.jmsthemes.com/erado/home-5/index81cc.html]
[wp.jmsthemes.com/erado/home-5/indexba1e.html]
[wp.jmsthemes.com/erado/home-5/indexb8de.html]
[wp.jmsthemes.com/erado/home-5/indexb994.html]
[wp.jmsthemes.com/erado/home-5/indexb0e9.html]
[wp.jmsthemes.com/erado/home-5/index14d3.html]
[wp.jmsthemes.com/erado/home-5/index2f2f.html]
[wp.jmsthemes.com/erado/home-5/index4f55.html]
[wp.jmsthemes.com/erado/home-5/index2767.html]
[wp.jmsthemes.com/erado/home-5/index6021.html]
[wp.jmsthemes.com/erado/home-5/index9c22.html]
[wp.jmsthemes.com/erado/home-5/index1ab9.html]
[wp.jmsthemes.com/erado/home-5/index74f7.html]
[wp.jmsthemes.com/erado/home-5/index5d51.html]
[wp.jmsthemes.com/erado/wp-content/cache/minify/8c16a.js]
[wp.jmsthemes.com/erado/home-5/index2542.html]
[wp.jmsthemes.com/erado/home-5/index7ab5.html]
[wp.jmsthemes.com/erado/home-5/indexdd2d.html]
[wp.jmsthemes.com/erado/home-5/index709f.html]
[wp.jmsthemes.com/erado/wp-content/cache/minify/12c68.js]
[wp.jmsthemes.com/erado/home-5/index2c45.html]
[wp.jmsthemes.com/erado/home-5/index6217.html]
[wp.jmsthemes.com/erado/home-5/index7fc0.html]
[wp.jmsthemes.com/erado/home-5/indexcaf4.html]
[wp.jmsthemes.com/erado/wp-content/cache/minify/b98ba.js]
[wp.jmsthemes.com/erado/wp-content/cache/minify/27966.js]
[wp.jmsthemes.com/erado/wp-content/cache/minify/d4058.js]
[wp.jmsthemes.com/erado/wp-content/cache/minify/399b7.js]
[wp.jmsthemes.com/erado/wp-content/cache/minify/8f850.js]
[wp.jmsthemes.com/erado/wp-content/cache/minify/a64dc.js]
[wp.jmsthemes.com/erado/wp-content/cache/minify/4f4b9.js]
[wp.jmsthemes.com/erado/wp-content/cache/minify/7f905.js]
[wp.jmsthemes.com/erado/wp-content/cache/minify/78467.js]
[wp.jmsthemes.com/erado/wp-content/cache/minify/214b6.js]
[wp.jmsthemes.com/erado/wp-content/cache/minify/c3dfd.js]
[wp.jmsthemes.com/erado/home-5/TweenLite.html]
[wp.jmsthemes.com/erado/TweenLite.html]
[wp.jmsthemes.com/erado/home-5/Version/index.html]
[wp.jmsthemes.com/erado/home-5/index6100.html]
[wp.jmsthemes.com/erado/home-5/indexbafb.html]
[wp.jmsthemes.com/erado/home-5/index8382.html]
[wp.jmsthemes.com/erado/home-5/indexdc8d.html]
[wp.jmsthemes.com/erado/home-5/indexc472.html]
[wp.jmsthemes.com/erado/home-5/index48fd.html]
[wp.jmsthemes.com/erado/home-5/indexae1a.html]
[wp.jmsthemes.com/erado/wp-content/cache/minify/75d66.js]
[wp.jmsthemes.com/erado/home-5/index5471.html]
[wp.jmsthemes.com/erado/home-5/index26a6.html]
[wp.jmsthemes.com/erado/home-5/indexc033.html]
[wp.jmsthemes.com/erado/home-5/index81cc.html]
[wp.jmsthemes.com/erado/home-5/indexb0e9.html]
[wp.jmsthemes.com/erado/home-5/indexba1e.html]
[wp.jmsthemes.com/erado/home-5/index14d3.html]
[wp.jmsthemes.com/erado/home-5/index4f55.html]
[wp.jmsthemes.com/erado/home-5/index2767.html]
[wp.jmsthemes.com/erado/home-5/index6021.html]
[wp.jmsthemes.com/erado/home-5/index9c22.html]
[wp.jmsthemes.com/erado/home-5/index74f7.html]
[wp.jmsthemes.com/erado/home-5/index5d51.html]
[wp.jmsthemes.com/erado/home-5/index2542.html]
[wp.jmsthemes.com/erado/home-5/index7ab5.html]
[wp.jmsthemes.com/erado/home-5/indexdd2d.html]
[wp.jmsthemes.com/erado/home-5/index709f.html]
[wp.jmsthemes.com/erado/home-5/index2c45.html]
[wp.jmsthemes.com/erado/home-5/index6217.html]
[wp.jmsthemes.com/erado/home-5/index7fc0.html]
[wp.jmsthemes.com/erado/home-5/indexcaf4.html]
[wp.jmsthemes.com/erado/home-5/youtu.be/index.html]
[wp.jmsthemes.com/erado/home-5/Popover requires tooltip.html]
